// Jest Snapshot v1, https://goo.gl/fbAQLP

exports[`getLinks should bring the link of the PR 1`] = `
Array [
  "https://api.bitbucket.org/2.0/repositories/atlassian/atlassian-oauth/pullrequests/35",
  "https://api.bitbucket.org/2.0/repositories/atlassian/atlassian-oauth/pullrequests/34",
  "https://api.bitbucket.org/2.0/repositories/atlassian/atlassian-oauth/pullrequests/33",
  "https://api.bitbucket.org/2.0/repositories/atlassian/atlassian-oauth/pullrequests/32",
  "https://api.bitbucket.org/2.0/repositories/atlassian/atlassian-oauth/pullrequests/31",
  "https://api.bitbucket.org/2.0/repositories/atlassian/atlassian-oauth/pullrequests/30",
  "https://api.bitbucket.org/2.0/repositories/atlassian/atlassian-oauth/pullrequests/29",
  "https://api.bitbucket.org/2.0/repositories/atlassian/atlassian-oauth/pullrequests/28",
  "https://api.bitbucket.org/2.0/repositories/atlassian/atlassian-oauth/pullrequests/26",
  "https://api.bitbucket.org/2.0/repositories/atlassian/atlassian-oauth/pullrequests/25",
]
`;
